<area shape="rect" href="$ActivationFunction_8cpp.html" title="pann/trunk/src/Core/ActivationFunction.cpp" alt="" coords="472,80,744,106">
<area shape="rect" href="$Neuron_8h.html" title="pann/trunk/src/Core/Neuron.h" alt="" coords="768,80,960,106">
<area shape="rect" href="$TestSerialization_8cpp.html" title="pann/trunk/src/UnitTests/TestSerialization.cpp" alt="" coords="984,80,1272,106">
<area shape="rect" href="$Net_8h.html" title="pann/trunk/src/Core/Net.h" alt="" coords="647,229,817,256">
<area shape="rect" href="$Runner_8h.html" title="pann/trunk/src/Core/Runner.h" alt="" coords="769,154,959,181">
<area shape="rect" href="$Neuron_8cpp.html" title="pann/trunk/src/Core/Neuron.cpp" alt="" coords="983,154,1188,181">
<area shape="rect" href="$LearningAlgorithm_8h.html" title="pann/trunk/src/Core/LearningAlgorithm.h" alt="" coords="5,304,259,330">
<area shape="rect" href="$LMS_8h.html" title="pann/trunk/src/Core/LMS.h" alt="" coords="60,378,236,405">
<area shape="rect" href="$NetworkModel_8h.html" title="pann/trunk/src/Core/NetworkModel.h" alt="" coords="333,304,565,330">
<area shape="rect" href="$TestNet_8cpp.html" title="pann/trunk/src/UnitTests/TestNet.cpp" alt="" coords="583,378,820,405">
<area shape="rect" href="$Net_8cpp.html" title="pann/trunk/src/Core/Net.cpp" alt="" coords="640,304,824,330">
<area shape="rect" href="$Storage_8h.html" title="pann/trunk/src/Core/Storage.h" alt="" coords="848,304,1043,330">
<area shape="rect" href="$main_8cpp.html" title="pann/trunk/src/Utils/pann_viewer/main.cpp" alt="" coords="947,453,1213,480">
<area shape="rect" href="$glwidget_8h.html" title="pann/trunk/src/Utils/pann_viewer/glwidget.h" alt="" coords="1124,304,1396,330">
<area shape="rect" href="$window_8h.html" title="pann/trunk/src/Utils/pann_viewer/window.h" alt="" coords="1427,378,1693,405">
<area shape="rect" href="$MultilayerPerceptron_8cpp.html" title="pann/trunk/src/Core/MultilayerPerceptron.cpp" alt="" coords="276,378,559,405">
<area shape="rect" href="$glwidget_8cpp.html" title="pann/trunk/src/Utils/pann_viewer/glwidget.cpp" alt="" coords="1117,378,1403,405">
<area shape="rect" href="$window_8cpp.html" title="pann/trunk/src/Utils/pann_viewer/window.cpp" alt="" coords="1420,453,1700,480">
<area shape="rect" href="$Runner_8cpp.html" title="pann/trunk/src/Core/Runner.cpp" alt="" coords="841,229,1044,256">
