<area shape="rect" href="$classpann_1_1Cache.html#d3b297e95711bf2b4e57a6437636bf7e" title="pann::Cache::isOk" alt="" coords="185,132,313,159">
<area shape="rect" href="$classpann_1_1Net.html#4293d1faa37e9e2bb73b0ebdaf4a6a9e" title="pann::Net::regenerateCache" alt="" coords="157,183,341,210">
<area shape="rect" href="$classpann_1_1Net.html#7dc20310a87f924efe4c30c746b990bd" title="pann::Net::threadBase" alt="" coords="173,360,325,387">
<area shape="rect" href="$classpann_1_1Net.html#a27681fc7cf4be20ff2530c9f29598a2" title="pann::Net::findNeuron" alt="" coords="404,6,551,32">
<area shape="rect" href="$classpann_1_1Cache.html#2cb636d0dcacfc734a83e665bd1c6b69" title="pann::Cache::fixed" alt="" coords="412,56,543,83">
<area shape="rect" href="$classpann_1_1NetCache.html#db49b27edd3dbae9338535c8aeeabde1" title="pann::NetCache::flush" alt="" coords="403,107,552,134">
<area shape="rect" href="$classpann_1_1Net.html#ab688b11e6e516aa926be5b412d490c3" title="pann::Net::formatFront" alt="" coords="401,158,553,184">
<area shape="rect" href="$classpann_1_1Link.html#87348d85a5295f03b9851b2da57800aa" title="pann::Link::getDirection" alt="" coords="399,208,556,235">
<area shape="rect" href="$classpann_1_1Link.html#282df22476d1056ecd371a2357f227c8" title="pann::Link::getLatency" alt="" coords="401,259,553,286">
<area shape="rect" href="$classpann_1_1Link.html#7989e38d6778c229f4db756fe116cbd6" title="pann::Link::getTo" alt="" coords="417,310,537,336">
<area shape="rect" href="$classpann_1_1Cache.html#2f52dab8b0db5569fc22847ff332345a" title="pann::Cache::touch" alt="" coords="615,107,748,134">
<area shape="rect" href="$classpann_1_1Runner.html#658262373566e4be537caffbc35d8350" title="pann::Runner::getDirection" alt="" coords="389,360,565,387">
<area shape="rect" href="$classpann_1_1Runner.html#881c47937a701cbdb6cfc82b6f13d001" title="pann::Runner::run" alt="" coords="416,411,539,438">
