<area shape="rect" href="$ActivationFunction_8h.html" title="pann/trunk/src/Core/ActivationFunction.h" alt="" coords="407,80,665,106">
<area shape="rect" href="$Storage_8h.html" title="pann/trunk/src/Core/Storage.h" alt="" coords="1839,528,2033,554">
<area shape="rect" href="$Object_8h.html" title="pann/trunk/src/Core/Object.h" alt="" coords="1144,80,1331,106">
<area shape="rect" href="$TrainData_8h.html" title="pann/trunk/src/Core/TrainData.h" alt="" coords="1552,154,1757,181">
<area shape="rect" href="$LearningHint_8h.html" title="pann/trunk/src/Core/LearningHint.h" alt="" coords="664,229,885,256">
<area shape="rect" href="$ActivationFunction_8cpp.html" title="pann/trunk/src/Core/ActivationFunction.cpp" alt="" coords="5,154,277,181">
<area shape="rect" href="$Neuron_8h.html" title="pann/trunk/src/Core/Neuron.h" alt="" coords="827,304,1019,330">
<area shape="rect" href="$TestSerialization_8cpp.html" title="pann/trunk/src/UnitTests/TestSerialization.cpp" alt="" coords="301,154,589,181">
<area shape="rect" href="$Net_8h.html" title="pann/trunk/src/Core/Net.h" alt="" coords="1092,453,1263,480">
<area shape="rect" href="$Runner_8h.html" title="pann/trunk/src/Core/Runner.h" alt="" coords="721,378,911,405">
<area shape="rect" href="$Neuron_8cpp.html" title="pann/trunk/src/Core/Neuron.cpp" alt="" coords="935,378,1140,405">
<area shape="rect" href="$LearningAlgorithm_8h.html" title="pann/trunk/src/Core/LearningAlgorithm.h" alt="" coords="1511,528,1764,554">
<area shape="rect" href="$LMS_8h.html" title="pann/trunk/src/Core/LMS.h" alt="" coords="1153,602,1329,629">
<area shape="rect" href="$NetworkModel_8h.html" title="pann/trunk/src/Core/NetworkModel.h" alt="" coords="1204,528,1436,554">
<area shape="rect" href="$TestNet_8cpp.html" title="pann/trunk/src/UnitTests/TestNet.cpp" alt="" coords="1660,602,1897,629">
<area shape="rect" href="$Net_8cpp.html" title="pann/trunk/src/Core/Net.cpp" alt="" coords="544,528,728,554">
<area shape="rect" href="$main_8cpp.html" title="pann/trunk/src/Utils/pann_viewer/main.cpp" alt="" coords="983,677,1249,704">
<area shape="rect" href="$glwidget_8h.html" title="pann/trunk/src/Utils/pann_viewer/glwidget.h" alt="" coords="803,528,1075,554">
<area shape="rect" href="$window_8h.html" title="pann/trunk/src/Utils/pann_viewer/window.h" alt="" coords="503,602,769,629">
<area shape="rect" href="$MultilayerPerceptron_8cpp.html" title="pann/trunk/src/Core/MultilayerPerceptron.cpp" alt="" coords="1353,602,1636,629">
<area shape="rect" href="$glwidget_8cpp.html" title="pann/trunk/src/Utils/pann_viewer/glwidget.cpp" alt="" coords="793,602,1079,629">
<area shape="rect" href="$window_8cpp.html" title="pann/trunk/src/Utils/pann_viewer/window.cpp" alt="" coords="496,677,776,704">
<area shape="rect" href="$Runner_8cpp.html" title="pann/trunk/src/Core/Runner.cpp" alt="" coords="715,453,917,480">
<area shape="rect" href="$Cache_8h.html" title="pann/trunk/src/Core/Cache.h" alt="" coords="1275,304,1461,330">
<area shape="rect" href="$Link_8h.html" title="pann/trunk/src/Core/Link.h" alt="" coords="960,229,1133,256">
<area shape="rect" href="$Weight_8h.html" title="pann/trunk/src/Core/Weight.h" alt="" coords="1011,154,1200,181">
<area shape="rect" href="$Object_8cpp.html" title="pann/trunk/src/Core/Object.cpp" alt="" coords="1325,154,1528,181">
<area shape="rect" href="$TrainData_8cpp.html" title="pann/trunk/src/Core/TrainData.cpp" alt="" coords="1545,229,1764,256">
