<area shape="rect" href="$glwidget_8h.html" title="glwidget.h" alt="" coords="835,80,915,107">
<area shape="rect" href="$Includes_8h.html" title="Includes.h" alt="" coords="1063,677,1143,704">
<area shape="rect" href="$Net_8h.html" title="Net.h" alt="" coords="849,155,900,181">
<area shape="rect" href="$Util_8h.html" title="Util.h" alt="" coords="951,229,1001,256">
<area shape="rect" href="$Object_8h.html" title="Object.h" alt="" coords="996,528,1065,555">
<area shape="rect" href="$Neuron_8h.html" title="Neuron.h" alt="" coords="983,304,1055,331">
<area shape="rect" href="$Cache_8h.html" title="Cache.h" alt="" coords="685,453,755,480">
<area shape="rect" href="$Runner_8h.html" title="Runner.h" alt="" coords="753,229,825,256">
<area shape="rect" href="$Exception_8h.html" title="Exception.h" alt="" coords="924,603,1015,629">
<area shape="rect" href="$Type_8h.html" title="Type.h" alt="" coords="791,603,849,629">
<area shape="rect" href="$ActivationFunction_8h.html" title="ActivationFunction.h" alt="" coords="833,528,972,555">
<area shape="rect" href="$Link_8h.html" title="Link.h" alt="" coords="1031,379,1087,405">
<area shape="rect" href="$OpenGLHint_8h.html" title="OpenGLHint.h" alt="" coords="1241,379,1345,405">
<area shape="rect" href="$LearningHint_8h.html" title="LearningHint.h" alt="" coords="1191,528,1295,555">
<area shape="rect" href="$Weight_8h.html" title="Weight.h" alt="" coords="1048,453,1120,480">
