<area shape="rect" href="$pann_8h.html" title="pann.h" alt="" coords="1164,80,1223,106">
<area shape="rect" href="$Includes_8h.html" title="Core/Includes.h" alt="" coords="1313,602,1425,629">
<area shape="rect" href="$Type_8h.html" title="Core/Type.h" alt="" coords="1013,528,1104,554">
<area shape="rect" href="$Net_8h.html" title="Core/Net.h" alt="" coords="1405,229,1488,256">
<area shape="rect" href="$Storage_8h.html" title="Core/Storage.h" alt="" coords="1393,154,1500,181">
<area shape="rect" href="$Moo_8h.html" title="Core/Moo.h" alt="" coords="1795,229,1883,256">
<area shape="rect" href="$OpenGlHint_8h.html" title="Core/OpenGlHint.h" alt="" coords="1079,378,1209,405">
<area shape="rect" href="$TrainData_8h.html" title="TrainData/TrainData.h" alt="" coords="889,453,1036,480">
<area shape="rect" href="$MultilayerPerceptron_8h.html" title="NetworkModels/MultilayerPerceptron.h" alt="" coords="1524,154,1767,181">
<area shape="rect" href="$Object_8h.html" title="Object.h" alt="" coords="1283,528,1352,554">
<area shape="rect" href="$Attributes_8h.html" title="Attributes.h" alt="" coords="1225,453,1313,480">
<area shape="rect" href="$Neuron_8h.html" title="Neuron.h" alt="" coords="1388,378,1460,405">
<area shape="rect" href="$NetCache_8h.html" title="NetCache.h" alt="" coords="1429,304,1517,330">
<area shape="rect" href="$Runner_8h.html" title="Runner.h" alt="" coords="1283,304,1355,330">
<area shape="rect" href="$Exception_8h.html" title="Exception.h" alt="" coords="1376,528,1467,554">
