<area shape="rect" href="$Neuron_8h.html" title="pann/trunk/src/pann/Core/Neuron.h" alt="" coords="1223,80,1447,107">
<area shape="rect" href="$Link_8cpp.html" title="pann/trunk/src/pann/Core/Link.cpp" alt="" coords="1471,80,1689,107">
<area shape="rect" href="$Net_8h.html" title="pann/trunk/src/pann/Core/Net.h" alt="" coords="991,230,1193,256">
<area shape="rect" href="$NetCache_8h.html" title="pann/trunk/src/pann/Core/NetCache.h" alt="" coords="909,155,1149,182">
<area shape="rect" href="$Runner_8h.html" title="pann/trunk/src/pann/Core/Runner.h" alt="" coords="1224,155,1445,182">
<area shape="rect" href="$LmsRunner_8h.html" title="pann/trunk/src/pann/LearningAlgorithms/Lms/LmsRunner.h" alt="" coords="1476,230,1836,256">
<area shape="rect" href="$Neuron_8cpp.html" title="pann/trunk/src/pann/Core/Neuron.cpp" alt="" coords="1520,155,1757,182">
<area shape="rect" href="$LearningAlgorithm_8h.html" title="pann/trunk/src/pann/Core/LearningAlgorithm.h" alt="" coords="1333,304,1619,331">
<area shape="rect" href="$Net_8cpp.html" title="pann/trunk/src/pann/Core/Net.cpp" alt="" coords="1093,304,1309,331">
<area shape="rect" href="$Storage_8h.html" title="pann/trunk/src/pann/Core/Storage.h" alt="" coords="405,304,632,331">
<area shape="rect" href="$pann_8h.html" title="pann/trunk/src/pann/pann.h" alt="" coords="580,379,759,406">
<area shape="rect" href="$MultilayerPerceptron_8h.html" title="pann/trunk/src/pann/NetworkModels/MultilayerPerceptron.h" alt="" coords="707,304,1069,331">
<area shape="rect" href="$LmsAlgorithm_8h.html" title="pann/trunk/src/pann/LearningAlgorithms/Lms/LmsAlgorithm.h" alt="" coords="1377,379,1753,406">
<area shape="rect" href="$LmsAlgorithm_8cpp.html" title="pann/trunk/src/pann/LearningAlgorithms/Lms/LmsAlgorithm.cpp" alt="" coords="1552,454,1941,480">
<area shape="rect" href="$Lms_8h.html" title="pann/trunk/src/pann/LearningAlgorithms/Lms.h" alt="" coords="1237,454,1528,480">
<area shape="rect" href="$Storage_8cpp.html" title="pann/trunk/src/pann/Core/Storage.cpp" alt="" coords="316,379,556,406">
<area shape="rect" href="$TestLms_8cpp.html" title="pann/trunk/src/UnitTests/TestLms.cpp" alt="" coords="5,454,248,480">
<area shape="rect" href="$TestNet_8cpp.html" title="pann/trunk/src/UnitTests/TestNet.cpp" alt="" coords="272,454,509,480">
<area shape="rect" href="$glwidget_8h.html" title="pann/trunk/src/Utils/pann_viewer/glwidget.h" alt="" coords="533,454,805,480">
<area shape="rect" href="$window_8h.html" title="pann/trunk/src/Utils/pann_viewer/window.h" alt="" coords="649,528,916,555">
<area shape="rect" href="$main_8cpp.html" title="pann/trunk/src/Utils/pann_viewer/main.cpp" alt="" coords="820,603,1087,630">
<area shape="rect" href="$glwidget_8cpp.html" title="pann/trunk/src/Utils/pann_viewer/glwidget.cpp" alt="" coords="340,528,625,555">
<area shape="rect" href="$window_8cpp.html" title="pann/trunk/src/Utils/pann_viewer/window.cpp" alt="" coords="516,603,796,630">
<area shape="rect" href="$MultilayerPerceptron_8cpp.html" title="pann/trunk/src/pann/NetworkModels/MultilayerPerceptron.cpp" alt="" coords="783,379,1159,406">
<area shape="rect" href="$NetCache_8cpp.html" title="pann/trunk/src/pann/Core/NetCache.cpp" alt="" coords="713,230,967,256">
<area shape="rect" href="$Runner_8cpp.html" title="pann/trunk/src/pann/Core/Runner.cpp" alt="" coords="1217,230,1452,256">
<area shape="rect" href="$LmsRunner_8cpp.html" title="pann/trunk/src/pann/LearningAlgorithms/Lms/LmsRunner.cpp" alt="" coords="1693,304,2067,331">
