<area shape="rect" href="$Includes_8h.html" title="Includes.h" alt="" coords="1091,677,1171,704">
<area shape="rect" href="$Net_8h.html" title="Net.h" alt="" coords="1364,155,1415,181">
<area shape="rect" href="$LearningAlgorithm_8h.html" title="LearningAlgorithm.h" alt="" coords="645,80,781,107">
<area shape="rect" href="$Object_8h.html" title="Object.h" alt="" coords="1295,528,1364,555">
<area shape="rect" href="$Neuron_8h.html" title="Neuron.h" alt="" coords="1067,304,1139,331">
<area shape="rect" href="$Cache_8h.html" title="Cache.h" alt="" coords="1444,453,1513,480">
<area shape="rect" href="$Util_8h.html" title="Util.h" alt="" coords="1641,304,1692,331">
<area shape="rect" href="$Runner_8h.html" title="Runner.h" alt="" coords="1391,229,1463,256">
<area shape="rect" href="$Exception_8h.html" title="Exception.h" alt="" coords="977,603,1068,629">
<area shape="rect" href="$Type_8h.html" title="Type.h" alt="" coords="1297,603,1356,629">
<area shape="rect" href="$ActivationFunction_8h.html" title="ActivationFunction.h" alt="" coords="980,528,1119,555">
<area shape="rect" href="$Link_8h.html" title="Link.h" alt="" coords="1121,379,1177,405">
<area shape="rect" href="$OpenGLHint_8h.html" title="OpenGLHint.h" alt="" coords="751,379,855,405">
<area shape="rect" href="$LearningHint_8h.html" title="LearningHint.h" alt="" coords="801,528,905,555">
<area shape="rect" href="$Weight_8h.html" title="Weight.h" alt="" coords="1143,453,1215,480">
<area shape="rect" href="$TrainData_8h.html" title="TrainData.h" alt="" coords="929,453,1017,480">
