<area shape="rect" href="$window_8h.html" title="window.h" alt="" coords="1037,80,1109,107">
<area shape="rect" href="$Net_8h.html" title="Net.h" alt="" coords="1147,229,1197,256">
<area shape="rect" href="$Storage_8h.html" title="Storage.h" alt="" coords="1395,155,1472,181">
<area shape="rect" href="$glwidget_8h.html" title="glwidget.h" alt="" coords="757,155,837,181">
<area shape="rect" href="$Includes_8h.html" title="Includes.h" alt="" coords="1091,677,1171,704">
<area shape="rect" href="$Util_8h.html" title="Util.h" alt="" coords="781,304,832,331">
<area shape="rect" href="$Object_8h.html" title="Object.h" alt="" coords="1381,528,1451,555">
<area shape="rect" href="$Neuron_8h.html" title="Neuron.h" alt="" coords="1171,379,1243,405">
<area shape="rect" href="$Cache_8h.html" title="Cache.h" alt="" coords="1453,453,1523,480">
<area shape="rect" href="$Runner_8h.html" title="Runner.h" alt="" coords="1097,304,1169,331">
<area shape="rect" href="$Exception_8h.html" title="Exception.h" alt="" coords="1371,603,1461,629">
<area shape="rect" href="$Type_8h.html" title="Type.h" alt="" coords="1237,603,1296,629">
<area shape="rect" href="$ActivationFunction_8h.html" title="ActivationFunction.h" alt="" coords="1219,528,1357,555">
<area shape="rect" href="$Link_8h.html" title="Link.h" alt="" coords="1221,453,1277,480">
<area shape="rect" href="$OpenGLHint_8h.html" title="OpenGLHint.h" alt="" coords="989,528,1093,555">
