<area shape="rect" href="$MultilayerPerceptron_8h.html" title="MultilayerPerceptron.h" alt="" coords="987,80,1139,106">
<area shape="rect" href="$Includes_8h.html" title="Core/Includes.h" alt="" coords="1313,602,1425,629">
<area shape="rect" href="$ActivationFunction_8h.html" title="Core/ActivationFunction.h" alt="" coords="977,453,1148,480">
<area shape="rect" href="$Net_8h.html" title="Core/Net.h" alt="" coords="1349,154,1432,181">
<area shape="rect" href="$Type_8h.html" title="Type.h" alt="" coords="1273,528,1332,554">
<area shape="rect" href="$Exception_8h.html" title="Exception.h" alt="" coords="1108,528,1199,554">
<area shape="rect" href="$Object_8h.html" title="Object.h" alt="" coords="1532,528,1601,554">
<area shape="rect" href="$Attributes_8h.html" title="Attributes.h" alt="" coords="1273,453,1361,480">
<area shape="rect" href="$Neuron_8h.html" title="Neuron.h" alt="" coords="1281,304,1353,330">
<area shape="rect" href="$NetCache_8h.html" title="NetCache.h" alt="" coords="1684,229,1772,256">
<area shape="rect" href="$Runner_8h.html" title="Runner.h" alt="" coords="1180,229,1252,256">
<area shape="rect" href="$Link_8h.html" title="Link.h" alt="" coords="1448,378,1504,405">
<area shape="rect" href="$Weight_8h.html" title="Weight.h" alt="" coords="1385,453,1457,480">
<area shape="rect" href="$Cache_8h.html" title="Cache.h" alt="" coords="1684,453,1753,480">
