<area shape="rect" href="$classpann_1_1Net.html#5f793f0f9a0462093637d8d7b5fe7b0f" title="pann::Net::addConnection" alt="" coords="325,6,496,32">
<area shape="rect" href="$classpann_1_1Net.html#10f0471ee473197380146330d2ee0977" title="pann::Net::addInputNeuron" alt="" coords="323,158,499,184">
<area shape="rect" href="$classpann_1_1Net.html#875e333ddaaaf4d8cc332c4ff816c584" title="pann::Net::addNeuron" alt="" coords="609,234,756,260">
<area shape="rect" href="$classpann_1_1Net.html#179bae99437bcfc80e3477a9c01e0d62" title="pann::Net::getBiasId" alt="" coords="341,259,480,286">
<area shape="rect" href="$classpann_1_1Net.html#60ede07661fe666b8923c50da10e1cb2" title="pann::Net::setNeuronOwner" alt="" coords="320,82,501,108">
<area shape="rect" href="$classpann_1_1Net.html#a27681fc7cf4be20ff2530c9f29598a2" title="pann::Net::findNeuron" alt="" coords="917,31,1064,58">
<area shape="rect" href="$classpann_1_1ActivationFunction_1_1Linear.html#87335208832a774ba10892b4cfe97d09" title="pann::ActivationFunction::Linear::Instance" alt="" coords="549,183,816,210">
<area shape="rect" href="$classpann_1_1Net.html#8776411bdc6658b5d9c4febbae7a2b27" title="pann::Net::setNeuronRole" alt="" coords="597,132,768,159">
<area shape="rect" href="$classpann_1_1ActivationFunction_1_1Linear.html#079ba5cd17eb672ba923aea2b8b7c3d3" title="pann::ActivationFunction::Linear::Linear" alt="" coords="865,183,1116,210">
<area shape="rect" href="$classpann_1_1Neuron.html#2ec7496a4939390cc4e9c2b1b4ebfd8a" title="pann::Neuron::setOwnerThread" alt="" coords="583,82,783,108">
