<area shape="rect" href="$classpann_1_1ActivationFunction_1_1TanH.html#f0d5c84687ea2693631c44ee1e4448fd" title="pann::ActivationFunction::TanH::Instance" alt="" coords="285,6,547,32">
<area shape="rect" href="$classpann_1_1ActivationFunction_1_1Threshold.html#a132088780dc2b151c7c0b5ae3850b0b" title="pann::ActivationFunction::Threshold::Instance" alt="" coords="272,56,560,83">
<area shape="rect" href="$classpann_1_1ActivationFunction_1_1Linear.html#87335208832a774ba10892b4cfe97d09" title="pann::ActivationFunction::Linear::Instance" alt="" coords="283,107,549,134">
<area shape="rect" href="$classpann_1_1ActivationFunction_1_1TanH.html#34e21fc187d57fcf395bf87b2337d187" title="pann::ActivationFunction::TanH::TanH" alt="" coords="636,6,876,32">
<area shape="rect" href="$classpann_1_1ActivationFunction_1_1Threshold.html#dd8dd134551c6658d5f5875542555188" title="pann::ActivationFunction::Threshold::Threshold" alt="" coords="608,56,904,83">
<area shape="rect" href="$classpann_1_1ActivationFunction_1_1Linear.html#079ba5cd17eb672ba923aea2b8b7c3d3" title="pann::ActivationFunction::Linear::Linear" alt="" coords="631,107,881,134">
