<area shape="rect" href="$Net_8h.html" title="Net.h" alt="" coords="1293,80,1344,106">
<area shape="rect" href="$Includes_8h.html" title="Includes.h" alt="" coords="1091,602,1171,629">
<area shape="rect" href="$Object_8h.html" title="Object.h" alt="" coords="1219,453,1288,480">
<area shape="rect" href="$Neuron_8h.html" title="Neuron.h" alt="" coords="981,229,1053,256">
<area shape="rect" href="$Cache_8h.html" title="Cache.h" alt="" coords="1371,378,1440,405">
<area shape="rect" href="$Util_8h.html" title="Util.h" alt="" coords="1503,229,1553,256">
<area shape="rect" href="$Runner_8h.html" title="Runner.h" alt="" coords="1320,154,1392,181">
<area shape="rect" href="$Exception_8h.html" title="Exception.h" alt="" coords="952,528,1043,554">
<area shape="rect" href="$Type_8h.html" title="Type.h" alt="" coords="1269,528,1328,554">
<area shape="rect" href="$ActivationFunction_8h.html" title="ActivationFunction.h" alt="" coords="955,453,1093,480">
<area shape="rect" href="$Link_8h.html" title="Link.h" alt="" coords="1051,304,1107,330">
<area shape="rect" href="$OpenGLHint_8h.html" title="OpenGLHint.h" alt="" coords="687,304,791,330">
<area shape="rect" href="$LearningHint_8h.html" title="LearningHint.h" alt="" coords="827,453,931,480">
<area shape="rect" href="$Weight_8h.html" title="Weight.h" alt="" coords="1072,378,1144,405">
