<area shape="rect" href="$LearningAlgorithm_8h.html" title="pann/trunk/src/pann/Core/LearningAlgorithm.h" alt="" coords="503,80,788,107">
<area shape="rect" href="$Net_8cpp.html" title="pann/trunk/src/pann/Core/Net.cpp" alt="" coords="852,80,1068,107">
<area shape="rect" href="$Storage_8h.html" title="pann/trunk/src/pann/Core/Storage.h" alt="" coords="1092,80,1319,107">
<area shape="rect" href="$pann_8h.html" title="pann/trunk/src/pann/pann.h" alt="" coords="1287,155,1465,182">
<area shape="rect" href="$MultilayerPerceptron_8h.html" title="pann/trunk/src/pann/NetworkModels/MultilayerPerceptron.h" alt="" coords="1393,80,1756,107">
<area shape="rect" href="$LmsAlgorithm_8h.html" title="pann/trunk/src/pann/LearningAlgorithms/Lms/LmsAlgorithm.h" alt="" coords="376,155,752,182">
<area shape="rect" href="$LmsAlgorithm_8cpp.html" title="pann/trunk/src/pann/LearningAlgorithms/Lms/LmsAlgorithm.cpp" alt="" coords="5,230,395,256">
<area shape="rect" href="$Lms_8h.html" title="pann/trunk/src/pann/LearningAlgorithms/Lms.h" alt="" coords="419,230,709,256">
<area shape="rect" href="$Storage_8cpp.html" title="pann/trunk/src/pann/Core/Storage.cpp" alt="" coords="1023,155,1263,182">
<area shape="rect" href="$TestLms_8cpp.html" title="pann/trunk/src/UnitTests/TestLms.cpp" alt="" coords="733,230,976,256">
<area shape="rect" href="$TestNet_8cpp.html" title="pann/trunk/src/UnitTests/TestNet.cpp" alt="" coords="1000,230,1237,256">
<area shape="rect" href="$glwidget_8h.html" title="pann/trunk/src/Utils/pann_viewer/glwidget.h" alt="" coords="1261,230,1533,256">
<area shape="rect" href="$window_8h.html" title="pann/trunk/src/Utils/pann_viewer/window.h" alt="" coords="1377,304,1644,331">
<area shape="rect" href="$main_8cpp.html" title="pann/trunk/src/Utils/pann_viewer/main.cpp" alt="" coords="1548,379,1815,406">
<area shape="rect" href="$glwidget_8cpp.html" title="pann/trunk/src/Utils/pann_viewer/glwidget.cpp" alt="" coords="1068,304,1353,331">
<area shape="rect" href="$window_8cpp.html" title="pann/trunk/src/Utils/pann_viewer/window.cpp" alt="" coords="1244,379,1524,406">
<area shape="rect" href="$MultilayerPerceptron_8cpp.html" title="pann/trunk/src/pann/NetworkModels/MultilayerPerceptron.cpp" alt="" coords="1489,155,1865,182">
