<area shape="rect" href="$Net_8h.html" title="pann/trunk/src/pann/Core/Net.h" alt="" coords="991,155,1193,181">
<area shape="rect" href="$NetCache_8h.html" title="pann/trunk/src/pann/Core/NetCache.h" alt="" coords="909,80,1149,107">
<area shape="rect" href="$Runner_8h.html" title="pann/trunk/src/pann/Core/Runner.h" alt="" coords="1224,80,1445,107">
<area shape="rect" href="$LmsRunner_8h.html" title="pann/trunk/src/pann/LearningAlgorithms/Lms/LmsRunner.h" alt="" coords="1476,155,1836,181">
<area shape="rect" href="$Neuron_8cpp.html" title="pann/trunk/src/pann/Core/Neuron.cpp" alt="" coords="1520,80,1757,107">
<area shape="rect" href="$LearningAlgorithm_8h.html" title="pann/trunk/src/pann/Core/LearningAlgorithm.h" alt="" coords="1333,229,1619,256">
<area shape="rect" href="$Net_8cpp.html" title="pann/trunk/src/pann/Core/Net.cpp" alt="" coords="1093,229,1309,256">
<area shape="rect" href="$Storage_8h.html" title="pann/trunk/src/pann/Core/Storage.h" alt="" coords="405,229,632,256">
<area shape="rect" href="$pann_8h.html" title="pann/trunk/src/pann/pann.h" alt="" coords="580,304,759,331">
<area shape="rect" href="$MultilayerPerceptron_8h.html" title="pann/trunk/src/pann/NetworkModels/MultilayerPerceptron.h" alt="" coords="707,229,1069,256">
<area shape="rect" href="$LmsAlgorithm_8h.html" title="pann/trunk/src/pann/LearningAlgorithms/Lms/LmsAlgorithm.h" alt="" coords="1377,304,1753,331">
<area shape="rect" href="$LmsAlgorithm_8cpp.html" title="pann/trunk/src/pann/LearningAlgorithms/Lms/LmsAlgorithm.cpp" alt="" coords="1552,379,1941,405">
<area shape="rect" href="$Lms_8h.html" title="pann/trunk/src/pann/LearningAlgorithms/Lms.h" alt="" coords="1237,379,1528,405">
<area shape="rect" href="$Storage_8cpp.html" title="pann/trunk/src/pann/Core/Storage.cpp" alt="" coords="316,304,556,331">
<area shape="rect" href="$TestLms_8cpp.html" title="pann/trunk/src/UnitTests/TestLms.cpp" alt="" coords="5,379,248,405">
<area shape="rect" href="$TestNet_8cpp.html" title="pann/trunk/src/UnitTests/TestNet.cpp" alt="" coords="272,379,509,405">
<area shape="rect" href="$glwidget_8h.html" title="pann/trunk/src/Utils/pann_viewer/glwidget.h" alt="" coords="533,379,805,405">
<area shape="rect" href="$window_8h.html" title="pann/trunk/src/Utils/pann_viewer/window.h" alt="" coords="649,453,916,480">
<area shape="rect" href="$main_8cpp.html" title="pann/trunk/src/Utils/pann_viewer/main.cpp" alt="" coords="820,528,1087,555">
<area shape="rect" href="$glwidget_8cpp.html" title="pann/trunk/src/Utils/pann_viewer/glwidget.cpp" alt="" coords="340,453,625,480">
<area shape="rect" href="$window_8cpp.html" title="pann/trunk/src/Utils/pann_viewer/window.cpp" alt="" coords="516,528,796,555">
<area shape="rect" href="$MultilayerPerceptron_8cpp.html" title="pann/trunk/src/pann/NetworkModels/MultilayerPerceptron.cpp" alt="" coords="783,304,1159,331">
<area shape="rect" href="$NetCache_8cpp.html" title="pann/trunk/src/pann/Core/NetCache.cpp" alt="" coords="713,155,967,181">
<area shape="rect" href="$Runner_8cpp.html" title="pann/trunk/src/pann/Core/Runner.cpp" alt="" coords="1217,155,1452,181">
<area shape="rect" href="$LmsRunner_8cpp.html" title="pann/trunk/src/pann/LearningAlgorithms/Lms/LmsRunner.cpp" alt="" coords="1693,229,2067,256">
