<area shape="rect" href="$Net_8h.html" title="pann/trunk/src/pann/Core/Net.h" alt="" coords="881,80,1084,106">
<area shape="rect" href="$Runner_8cpp.html" title="pann/trunk/src/pann/Core/Runner.cpp" alt="" coords="1296,80,1531,106">
<area shape="rect" href="$LmsRunner_8h.html" title="pann/trunk/src/pann/LearningAlgorithms/Lms/LmsRunner.h" alt="" coords="1649,80,2009,106">
<area shape="rect" href="$LearningAlgorithm_8h.html" title="pann/trunk/src/pann/Core/LearningAlgorithm.h" alt="" coords="1093,154,1379,181">
<area shape="rect" href="$Net_8cpp.html" title="pann/trunk/src/pann/Core/Net.cpp" alt="" coords="1403,154,1619,181">
<area shape="rect" href="$Storage_8h.html" title="pann/trunk/src/pann/Core/Storage.h" alt="" coords="405,154,632,181">
<area shape="rect" href="$pann_8h.html" title="pann/trunk/src/pann/pann.h" alt="" coords="580,229,759,256">
<area shape="rect" href="$MultilayerPerceptron_8h.html" title="pann/trunk/src/pann/NetworkModels/MultilayerPerceptron.h" alt="" coords="707,154,1069,181">
<area shape="rect" href="$LmsAlgorithm_8h.html" title="pann/trunk/src/pann/LearningAlgorithms/Lms/LmsAlgorithm.h" alt="" coords="1217,229,1593,256">
<area shape="rect" href="$LmsAlgorithm_8cpp.html" title="pann/trunk/src/pann/LearningAlgorithms/Lms/LmsAlgorithm.cpp" alt="" coords="1469,304,1859,330">
<area shape="rect" href="$Lms_8h.html" title="pann/trunk/src/pann/LearningAlgorithms/Lms.h" alt="" coords="1155,304,1445,330">
<area shape="rect" href="$Storage_8cpp.html" title="pann/trunk/src/pann/Core/Storage.cpp" alt="" coords="316,229,556,256">
<area shape="rect" href="$TestLms_8cpp.html" title="pann/trunk/src/UnitTests/TestLms.cpp" alt="" coords="5,304,248,330">
<area shape="rect" href="$TestNet_8cpp.html" title="pann/trunk/src/UnitTests/TestNet.cpp" alt="" coords="272,304,509,330">
<area shape="rect" href="$glwidget_8h.html" title="pann/trunk/src/Utils/pann_viewer/glwidget.h" alt="" coords="533,304,805,330">
<area shape="rect" href="$window_8h.html" title="pann/trunk/src/Utils/pann_viewer/window.h" alt="" coords="649,378,916,405">
<area shape="rect" href="$main_8cpp.html" title="pann/trunk/src/Utils/pann_viewer/main.cpp" alt="" coords="820,453,1087,480">
<area shape="rect" href="$glwidget_8cpp.html" title="pann/trunk/src/Utils/pann_viewer/glwidget.cpp" alt="" coords="340,378,625,405">
<area shape="rect" href="$window_8cpp.html" title="pann/trunk/src/Utils/pann_viewer/window.cpp" alt="" coords="516,453,796,480">
<area shape="rect" href="$MultilayerPerceptron_8cpp.html" title="pann/trunk/src/pann/NetworkModels/MultilayerPerceptron.cpp" alt="" coords="783,229,1159,256">
<area shape="rect" href="$LmsRunner_8cpp.html" title="pann/trunk/src/pann/LearningAlgorithms/Lms/LmsRunner.cpp" alt="" coords="1643,154,2016,181">
