<area shape="rect" href="$Includes_8h.html" title="Includes.h" alt="" coords="1329,528,1409,555">
<area shape="rect" href="$Net_8h.html" title="Net.h" alt="" coords="1283,80,1333,107">
<area shape="rect" href="$Exception_8h.html" title="Exception.h" alt="" coords="1108,454,1199,480">
<area shape="rect" href="$Object_8h.html" title="Object.h" alt="" coords="1477,454,1547,480">
<area shape="rect" href="$Attributes_8h.html" title="Attributes.h" alt="" coords="1168,379,1256,406">
<area shape="rect" href="$Neuron_8h.html" title="Neuron.h" alt="" coords="1199,230,1271,256">
<area shape="rect" href="$NetCache_8h.html" title="NetCache.h" alt="" coords="1680,155,1768,182">
<area shape="rect" href="$Runner_8h.html" title="Runner.h" alt="" coords="1272,155,1344,182">
<area shape="rect" href="$Type_8h.html" title="Type.h" alt="" coords="1273,454,1332,480">
<area shape="rect" href="$ActivationFunction_8h.html" title="ActivationFunction.h" alt="" coords="1005,379,1144,406">
<area shape="rect" href="$Link_8h.html" title="Link.h" alt="" coords="1375,304,1431,331">
<area shape="rect" href="$Weight_8h.html" title="Weight.h" alt="" coords="1331,379,1403,406">
<area shape="rect" href="$Cache_8h.html" title="Cache.h" alt="" coords="1680,379,1749,406">
