<area shape="rect" href="$Storage_8cpp.html" title="pann/trunk/src/pann/Core/Storage.cpp" alt="" coords="316,80,556,107">
<area shape="rect" href="$pann_8h.html" title="pann/trunk/src/pann/pann.h" alt="" coords="580,80,759,107">
<area shape="rect" href="$TestLms_8cpp.html" title="pann/trunk/src/UnitTests/TestLms.cpp" alt="" coords="5,155,248,181">
<area shape="rect" href="$TestNet_8cpp.html" title="pann/trunk/src/UnitTests/TestNet.cpp" alt="" coords="272,155,509,181">
<area shape="rect" href="$glwidget_8h.html" title="pann/trunk/src/Utils/pann_viewer/glwidget.h" alt="" coords="533,155,805,181">
<area shape="rect" href="$window_8h.html" title="pann/trunk/src/Utils/pann_viewer/window.h" alt="" coords="649,229,916,256">
<area shape="rect" href="$main_8cpp.html" title="pann/trunk/src/Utils/pann_viewer/main.cpp" alt="" coords="820,304,1087,331">
<area shape="rect" href="$glwidget_8cpp.html" title="pann/trunk/src/Utils/pann_viewer/glwidget.cpp" alt="" coords="340,229,625,256">
<area shape="rect" href="$window_8cpp.html" title="pann/trunk/src/Utils/pann_viewer/window.cpp" alt="" coords="516,304,796,331">
