<area shape="rect" href="$classpann_1_1Net.html#81e50f71a229b3f94c4908b9ebb31970" title="pann::Net::getOutput" alt="" coords="167,183,308,210">
<area shape="rect" href="$namespacepann_1_1Storage.html#b86a9cc510185de122002ea137bb0e66" title="pann::Storage::load" alt="" coords="171,335,304,362">
<area shape="rect" href="$namespacepann_1_1NetworkModel.html#369d4aceda1cb3120941d43a984a52ae" title="pann::NetworkModel::MultilayerPerceptron" alt="" coords="104,386,371,412">
<area shape="rect" href="$classpann_1_1Net.html#5da746a5bb40bceb85992f5a77d393e7" title="pann::Net::run" alt="" coords="185,234,289,260">
<area shape="rect" href="$namespacepann_1_1Storage.html#9875c6a40cbb64cbf81dd225e6a74aa2" title="pann::Storage::save" alt="" coords="168,436,307,463">
<area shape="rect" href="$classpann_1_1Net.html#07e83643d8b5238cf322ebfd635cedda" title="pann::Net::setInput" alt="" coords="172,487,303,514">
<area shape="rect" href="$classpann_1_1Net.html#abb4547b6d16ac70f4470ed71357be6b" title="pann::Net::setThreadCount" alt="" coords="423,436,599,463">
<area shape="rect" href="$classpann_1_1Cache.html#d3b297e95711bf2b4e57a6437636bf7e" title="pann::Cache::isOk" alt="" coords="447,158,575,184">
<area shape="rect" href="$classpann_1_1Net.html#4293d1faa37e9e2bb73b0ebdaf4a6a9e" title="pann::Net::regenerateCache" alt="" coords="419,208,603,235">
<area shape="rect" href="$classpann_1_1Net.html#a27681fc7cf4be20ff2530c9f29598a2" title="pann::Net::findNeuron" alt="" coords="665,107,812,134">
<area shape="rect" href="$classpann_1_1Cache.html#2cb636d0dcacfc734a83e665bd1c6b69" title="pann::Cache::fixed" alt="" coords="673,158,804,184">
<area shape="rect" href="$classpann_1_1NetCache.html#db49b27edd3dbae9338535c8aeeabde1" title="pann::NetCache::flush" alt="" coords="664,208,813,235">
<area shape="rect" href="$classpann_1_1Net.html#ab688b11e6e516aa926be5b412d490c3" title="pann::Net::formatFront" alt="" coords="663,259,815,286">
<area shape="rect" href="$classpann_1_1Link.html#87348d85a5295f03b9851b2da57800aa" title="pann::Link::getDirection" alt="" coords="660,310,817,336">
<area shape="rect" href="$classpann_1_1Link.html#282df22476d1056ecd371a2357f227c8" title="pann::Link::getLatency" alt="" coords="663,6,815,32">
<area shape="rect" href="$classpann_1_1Link.html#7989e38d6778c229f4db756fe116cbd6" title="pann::Link::getTo" alt="" coords="679,56,799,83">
<area shape="rect" href="$classpann_1_1Cache.html#2f52dab8b0db5569fc22847ff332345a" title="pann::Cache::touch" alt="" coords="876,335,1009,362">
<area shape="rect" href="$classpann_1_1Net.html#7dc20310a87f924efe4c30c746b990bd" title="pann::Net::threadBase" alt="" coords="435,360,587,387">
<area shape="rect" href="$classpann_1_1Runner.html#658262373566e4be537caffbc35d8350" title="pann::Runner::getDirection" alt="" coords="651,360,827,387">
<area shape="rect" href="$classpann_1_1Runner.html#881c47937a701cbdb6cfc82b6f13d001" title="pann::Runner::run" alt="" coords="677,411,800,438">
