<area shape="rect" href="$glwidget_8h.html" title="glwidget.h" alt="" coords="1303,80,1383,106">
<area shape="rect" href="$pann_8h.html" title="pann.h" alt="" coords="1467,154,1525,181">
<area shape="rect" href="$Includes_8h.html" title="Core/Includes.h" alt="" coords="1313,602,1425,629">
<area shape="rect" href="$Type_8h.html" title="Core/Type.h" alt="" coords="1573,528,1664,554">
<area shape="rect" href="$Net_8h.html" title="Core/Net.h" alt="" coords="1165,304,1248,330">
<area shape="rect" href="$Storage_8h.html" title="Core/Storage.h" alt="" coords="1165,229,1272,256">
<area shape="rect" href="$Moo_8h.html" title="Core/Moo.h" alt="" coords="1748,304,1836,330">
<area shape="rect" href="$OpenGlHint_8h.html" title="Core/OpenGlHint.h" alt="" coords="1368,378,1499,405">
<area shape="rect" href="$TrainData_8h.html" title="TrainData/TrainData.h" alt="" coords="1648,453,1795,480">
<area shape="rect" href="$MultilayerPerceptron_8h.html" title="NetworkModels/MultilayerPerceptron.h" alt="" coords="1296,229,1539,256">
<area shape="rect" href="$Object_8h.html" title="Object.h" alt="" coords="1185,528,1255,554">
<area shape="rect" href="$Attributes_8h.html" title="Attributes.h" alt="" coords="1244,453,1332,480">
<area shape="rect" href="$Neuron_8h.html" title="Neuron.h" alt="" coords="1171,378,1243,405">
