<area shape="rect" href="$glwidget_8h.html" title="glwidget.h" alt="" coords="772,80,852,107">
<area shape="rect" href="$Net_8h.html" title="Net.h" alt="" coords="1160,155,1211,181">
<area shape="rect" href="$Includes_8h.html" title="Includes.h" alt="" coords="1091,677,1171,704">
<area shape="rect" href="$Util_8h.html" title="Util.h" alt="" coords="800,229,851,256">
<area shape="rect" href="$Object_8h.html" title="Object.h" alt="" coords="1193,528,1263,555">
<area shape="rect" href="$Neuron_8h.html" title="Neuron.h" alt="" coords="1091,304,1163,331">
<area shape="rect" href="$Cache_8h.html" title="Cache.h" alt="" coords="1305,453,1375,480">
<area shape="rect" href="$Runner_8h.html" title="Runner.h" alt="" coords="1449,229,1521,256">
<area shape="rect" href="$Exception_8h.html" title="Exception.h" alt="" coords="977,603,1068,629">
<area shape="rect" href="$Type_8h.html" title="Type.h" alt="" coords="1244,603,1303,629">
<area shape="rect" href="$ActivationFunction_8h.html" title="ActivationFunction.h" alt="" coords="929,528,1068,555">
<area shape="rect" href="$Link_8h.html" title="Link.h" alt="" coords="1077,379,1133,405">
<area shape="rect" href="$OpenGLHint_8h.html" title="OpenGLHint.h" alt="" coords="1271,379,1375,405">
<area shape="rect" href="$LearningHint_8h.html" title="LearningHint.h" alt="" coords="801,528,905,555">
<area shape="rect" href="$Weight_8h.html" title="Weight.h" alt="" coords="1057,453,1129,480">
