<area shape="rect" href="$classpann_1_1Net.html#5f793f0f9a0462093637d8d7b5fe7b0f" title="pann::Net::addConnection" alt="" coords="208,5,379,32">
<area shape="rect" href="$classpann_1_1Net.html#875e333ddaaaf4d8cc332c4ff816c584" title="pann::Net::addNeuron" alt="" coords="220,56,367,82">
<area shape="rect" href="$classpann_1_1ActivationFunction_1_1Linear.html#87335208832a774ba10892b4cfe97d09" title="pann::ActivationFunction::Linear::Instance" alt="" coords="160,106,427,133">
<area shape="rect" href="$classpann_1_1Net.html#abb4547b6d16ac70f4470ed71357be6b" title="pann::Net::setThreadCount" alt="" coords="205,157,381,184">
<area shape="rect" href="$classpann_1_1Net.html#a27681fc7cf4be20ff2530c9f29598a2" title="pann::Net::findNeuron" alt="" coords="528,5,675,32">
<area shape="rect" href="$classpann_1_1ActivationFunction_1_1Linear.html#079ba5cd17eb672ba923aea2b8b7c3d3" title="pann::ActivationFunction::Linear::Linear" alt="" coords="476,106,727,133">
<area shape="rect" href="$classpann_1_1Cache.html#2f52dab8b0db5569fc22847ff332345a" title="pann::Cache::touch" alt="" coords="535,157,668,184">
