<area shape="rect" href="$classGLWidget.html#61ec77b4004fb9516acb9869566f9095" title="GLWidget::calcCoords" alt="" coords="204,56,353,83">
<area shape="rect" href="$classGLWidget.html#eab29fc071d92db4f5ecdc899d25c1e1" title="GLWidget::drawNetModel" alt="" coords="195,107,363,133">
<area shape="rect" href="$classGLWidget.html#f994f59226294ff949688422eb5cc3d3" title="GLWidget::setInfoNet" alt="" coords="207,157,351,184">
<area shape="rect" href="$classpann_1_1Net.html#bf7a3f67a2d7ced86b8589d69477ed96" title="pann::Net::getCache" alt="" coords="431,5,569,32">
<area shape="rect" href="$classpann_1_1Attributes.html#e201854aa854542575d4a204b3d9a831" title="pann::Attributes::is" alt="" coords="435,56,565,83">
<area shape="rect" href="$classpann_1_1Net.html#179bae99437bcfc80e3477a9c01e0d62" title="pann::Net::getBiasId" alt="" coords="431,107,569,133">
<area shape="rect" href="$classpann_1_1Net.html#fb4b451068cb8cc61ca154f2e7da5521" title="pann::Net::getNeurons" alt="" coords="424,157,576,184">
<area shape="rect" href="$classpann_1_1Net.html#7367ddcfe022477e2e99aa2115580395" title="pann::Net::getThreadCount" alt="" coords="412,208,588,235">
