<area shape="rect" href="$classpann_1_1Cache.html#d3b297e95711bf2b4e57a6437636bf7e" title="pann::Cache::isOk" alt="" coords="225,106,353,133">
<area shape="rect" href="$classpann_1_1Net.html#4293d1faa37e9e2bb73b0ebdaf4a6a9e" title="pann::Net::regenerateCache" alt="" coords="197,157,381,184">
<area shape="rect" href="$classpann_1_1Net.html#d54642461446c1f5aba34af3c01c290c" title="pann::Net::findNeuron" alt="" coords="436,5,583,32">
<area shape="rect" href="$classpann_1_1Cache.html#2cb636d0dcacfc734a83e665bd1c6b69" title="pann::Cache::fixed" alt="" coords="444,56,575,82">
<area shape="rect" href="$classpann_1_1NetCache.html#cfa966e64695ce3e11a5cd5926e1680c" title="pann::NetCache::flush" alt="" coords="435,106,584,133">
<area shape="rect" href="$classpann_1_1Net.html#a2f1b31c8903d98b39035bfac5237f09" title="pann::Net::formatFront" alt="" coords="433,157,585,184">
<area shape="rect" href="$classpann_1_1Link.html#eab757727bb6ca0cad8edb46500c3897" title="pann::Link::getDirection" alt="" coords="431,208,588,234">
<area shape="rect" href="$classpann_1_1Link.html#282df22476d1056ecd371a2357f227c8" title="pann::Link::getLatency" alt="" coords="433,258,585,285">
<area shape="rect" href="$classpann_1_1Link.html#18a70d88ffa9fe441820c2d1c9d83579" title="pann::Link::getToIter" alt="" coords="440,309,579,336">
<area shape="rect" href="$classpann_1_1Cache.html#2f52dab8b0db5569fc22847ff332345a" title="pann::Cache::touch" alt="" coords="639,106,772,133">
