<area shape="rect" href="$glwidget_8h.html" title="glwidget.h" alt="" coords="1465,80,1545,106">
<area shape="rect" href="$pann_8h.html" title="pann.h" alt="" coords="1476,154,1535,181">
<area shape="rect" href="$Includes_8h.html" title="Core/Includes.h" alt="" coords="1405,677,1517,704">
<area shape="rect" href="$Type_8h.html" title="Core/Type.h" alt="" coords="1499,602,1589,629">
<area shape="rect" href="$Net_8h.html" title="Core/Net.h" alt="" coords="1233,304,1316,330">
<area shape="rect" href="$Storage_8h.html" title="Core/Storage.h" alt="" coords="1361,229,1468,256">
<area shape="rect" href="$Moo_8h.html" title="Core/Moo.h" alt="" coords="1711,304,1799,330">
<area shape="rect" href="$OpenGlHint_8h.html" title="Core/OpenGlHint.h" alt="" coords="1388,453,1519,480">
<area shape="rect" href="$TrainData_8h.html" title="TrainData/TrainData.h" alt="" coords="1551,528,1697,554">
<area shape="rect" href="$MultilayerPerceptron_8h.html" title="NetworkModels/MultilayerPerceptron.h" alt="" coords="1044,229,1287,256">
<area shape="rect" href="$Object_8h.html" title="Object.h" alt="" coords="1285,602,1355,629">
<area shape="rect" href="$Attributes_8h.html" title="Attributes.h" alt="" coords="1337,528,1425,554">
<area shape="rect" href="$Neuron_8h.html" title="Neuron.h" alt="" coords="1191,453,1263,480">
<area shape="rect" href="$NetCache_8h.html" title="NetCache.h" alt="" coords="1124,378,1212,405">
