<area shape="rect" href="$Includes_8h.html" title="Includes.h" alt="" coords="1091,602,1171,629">
<area shape="rect" href="$Net_8h.html" title="Net.h" alt="" coords="1327,80,1377,106">
<area shape="rect" href="$Util_8h.html" title="Util.h" alt="" coords="1592,154,1643,181">
<area shape="rect" href="$Object_8h.html" title="Object.h" alt="" coords="1083,453,1152,480">
<area shape="rect" href="$Neuron_8h.html" title="Neuron.h" alt="" coords="1056,229,1128,256">
<area shape="rect" href="$Cache_8h.html" title="Cache.h" alt="" coords="1392,378,1461,405">
<area shape="rect" href="$Runner_8h.html" title="Runner.h" alt="" coords="1316,154,1388,181">
<area shape="rect" href="$Exception_8h.html" title="Exception.h" alt="" coords="1044,528,1135,554">
<area shape="rect" href="$Type_8h.html" title="Type.h" alt="" coords="1260,528,1319,554">
<area shape="rect" href="$ActivationFunction_8h.html" title="ActivationFunction.h" alt="" coords="1176,453,1315,480">
<area shape="rect" href="$Link_8h.html" title="Link.h" alt="" coords="963,304,1019,330">
<area shape="rect" href="$OpenGLHint_8h.html" title="OpenGLHint.h" alt="" coords="813,304,917,330">
<area shape="rect" href="$LearningHint_8h.html" title="LearningHint.h" alt="" coords="955,453,1059,480">
<area shape="rect" href="$Weight_8h.html" title="Weight.h" alt="" coords="907,378,979,405">
