<area shape="rect" href="$Includes_8h.html" title="Includes.h" alt="" coords="1091,677,1171,704">
<area shape="rect" href="$NetworkModel_8h.html" title="NetworkModel.h" alt="" coords="813,80,928,107">
<area shape="rect" href="$Net_8h.html" title="Net.h" alt="" coords="1275,155,1325,181">
<area shape="rect" href="$Object_8h.html" title="Object.h" alt="" coords="1117,528,1187,555">
<area shape="rect" href="$Neuron_8h.html" title="Neuron.h" alt="" coords="1264,304,1336,331">
<area shape="rect" href="$Cache_8h.html" title="Cache.h" alt="" coords="1437,453,1507,480">
<area shape="rect" href="$Util_8h.html" title="Util.h" alt="" coords="1001,304,1052,331">
<area shape="rect" href="$Runner_8h.html" title="Runner.h" alt="" coords="1512,229,1584,256">
<area shape="rect" href="$Exception_8h.html" title="Exception.h" alt="" coords="1168,603,1259,629">
<area shape="rect" href="$Type_8h.html" title="Type.h" alt="" coords="1384,603,1443,629">
<area shape="rect" href="$ActivationFunction_8h.html" title="ActivationFunction.h" alt="" coords="1339,528,1477,555">
<area shape="rect" href="$Link_8h.html" title="Link.h" alt="" coords="1113,379,1169,405">
<area shape="rect" href="$OpenGLHint_8h.html" title="OpenGLHint.h" alt="" coords="915,379,1019,405">
<area shape="rect" href="$LearningHint_8h.html" title="LearningHint.h" alt="" coords="1211,528,1315,555">
<area shape="rect" href="$Weight_8h.html" title="Weight.h" alt="" coords="1067,453,1139,480">
