<area shape="rect" href="$Includes_8h.html" title="Includes.h" alt="" coords="1329,453,1409,480">
<area shape="rect" href="$Object_8h.html" title="Object.h" alt="" coords="1151,379,1220,405">
<area shape="rect" href="$Attributes_8h.html" title="Attributes.h" alt="" coords="1655,304,1743,331">
<area shape="rect" href="$Neuron_8h.html" title="Neuron.h" alt="" coords="1324,155,1396,181">
<area shape="rect" href="$NetCache_8h.html" title="NetCache.h" alt="" coords="980,80,1068,107">
<area shape="rect" href="$Runner_8h.html" title="Runner.h" alt="" coords="1452,80,1524,107">
<area shape="rect" href="$Exception_8h.html" title="Exception.h" alt="" coords="1571,379,1661,405">
<area shape="rect" href="$Type_8h.html" title="Type.h" alt="" coords="1488,379,1547,405">
<area shape="rect" href="$ActivationFunction_8h.html" title="ActivationFunction.h" alt="" coords="1441,304,1580,331">
<area shape="rect" href="$Link_8h.html" title="Link.h" alt="" coords="1265,229,1321,256">
<area shape="rect" href="$Weight_8h.html" title="Weight.h" alt="" coords="1295,304,1367,331">
<area shape="rect" href="$Cache_8h.html" title="Cache.h" alt="" coords="999,304,1068,331">
