<area shape="rect" href="$Cache_8h.html" title="pann/trunk/src/Core/Cache.h" alt="" coords="763,155,949,182">
<area shape="rect" href="$Net_8h.html" title="pann/trunk/src/Core/Net.h" alt="" coords="676,379,847,406">
<area shape="rect" href="$TrainData_8h.html" title="pann/trunk/src/Core/TrainData.h" alt="" coords="1249,379,1455,406">
<area shape="rect" href="$Neuron_8h.html" title="pann/trunk/src/Core/Neuron.h" alt="" coords="891,230,1083,256">
<area shape="rect" href="$Link_8h.html" title="pann/trunk/src/Core/Link.h" alt="" coords="1032,155,1205,182">
<area shape="rect" href="$Weight_8h.html" title="pann/trunk/src/Core/Weight.h" alt="" coords="1024,80,1213,107">
<area shape="rect" href="$Object_8cpp.html" title="pann/trunk/src/Core/Object.cpp" alt="" coords="1357,80,1560,107">
<area shape="rect" href="$LearningAlgorithm_8h.html" title="pann/trunk/src/Core/LearningAlgorithm.h" alt="" coords="1249,454,1503,480">
<area shape="rect" href="$LMS_8h.html" title="pann/trunk/src/Core/LMS.h" alt="" coords="1276,528,1452,555">
<area shape="rect" href="$NetworkModel_8h.html" title="pann/trunk/src/Core/NetworkModel.h" alt="" coords="623,454,855,480">
<area shape="rect" href="$TestNet_8cpp.html" title="pann/trunk/src/UnitTests/TestNet.cpp" alt="" coords="1003,528,1240,555">
<area shape="rect" href="$Net_8cpp.html" title="pann/trunk/src/Core/Net.cpp" alt="" coords="68,454,252,480">
<area shape="rect" href="$Storage_8h.html" title="pann/trunk/src/Core/Storage.h" alt="" coords="879,454,1073,480">
<area shape="rect" href="$main_8cpp.html" title="pann/trunk/src/Utils/pann_viewer/main.cpp" alt="" coords="205,603,472,630">
<area shape="rect" href="$glwidget_8h.html" title="pann/trunk/src/Utils/pann_viewer/glwidget.h" alt="" coords="276,454,548,480">
<area shape="rect" href="$window_8h.html" title="pann/trunk/src/Utils/pann_viewer/window.h" alt="" coords="355,528,621,555">
<area shape="rect" href="$MultilayerPerceptron_8cpp.html" title="pann/trunk/src/Core/MultilayerPerceptron.cpp" alt="" coords="645,528,928,555">
<area shape="rect" href="$glwidget_8cpp.html" title="pann/trunk/src/Utils/pann_viewer/glwidget.cpp" alt="" coords="45,528,331,555">
<area shape="rect" href="$window_8cpp.html" title="pann/trunk/src/Utils/pann_viewer/window.cpp" alt="" coords="496,603,776,630">
<area shape="rect" href="$TrainData_8cpp.html" title="pann/trunk/src/Core/TrainData.cpp" alt="" coords="1527,454,1745,480">
<area shape="rect" href="$Runner_8h.html" title="pann/trunk/src/Core/Runner.h" alt="" coords="864,304,1053,331">
<area shape="rect" href="$Neuron_8cpp.html" title="pann/trunk/src/Core/Neuron.cpp" alt="" coords="1077,304,1283,331">
<area shape="rect" href="$Runner_8cpp.html" title="pann/trunk/src/Core/Runner.cpp" alt="" coords="871,379,1073,406">
