<area shape="rect" href="$Includes_8h.html" title="Includes.h" alt="" coords="1068,677,1148,704">
<area shape="rect" href="$Type_8h.html" title="Type.h" alt="" coords="1171,603,1229,629">
<area shape="rect" href="$Net_8h.html" title="Net.h" alt="" coords="1311,155,1361,181">
<area shape="rect" href="$Storage_8h.html" title="Storage.h" alt="" coords="551,80,628,107">
<area shape="rect" href="$NetworkModel_8h.html" title="NetworkModel.h" alt="" coords="1373,80,1488,107">
<area shape="rect" href="$TrainData_8h.html" title="TrainData.h" alt="" coords="712,453,800,480">
<area shape="rect" href="$Object_8h.html" title="Object.h" alt="" coords="925,528,995,555">
<area shape="rect" href="$Neuron_8h.html" title="Neuron.h" alt="" coords="967,304,1039,331">
<area shape="rect" href="$Cache_8h.html" title="Cache.h" alt="" coords="1261,453,1331,480">
<area shape="rect" href="$Util_8h.html" title="Util.h" alt="" coords="1563,304,1613,331">
<area shape="rect" href="$Runner_8h.html" title="Runner.h" alt="" coords="1336,229,1408,256">
<area shape="rect" href="$Exception_8h.html" title="Exception.h" alt="" coords="709,603,800,629">
<area shape="rect" href="$ActivationFunction_8h.html" title="ActivationFunction.h" alt="" coords="1120,528,1259,555">
<area shape="rect" href="$Link_8h.html" title="Link.h" alt="" coords="1011,379,1067,405">
<area shape="rect" href="$OpenGLHint_8h.html" title="OpenGLHint.h" alt="" coords="753,379,857,405">
<area shape="rect" href="$LearningHint_8h.html" title="LearningHint.h" alt="" coords="595,528,699,555">
<area shape="rect" href="$Weight_8h.html" title="Weight.h" alt="" coords="1032,453,1104,480">
