<area shape="rect" href="$classpann_1_1Net.html#81e50f71a229b3f94c4908b9ebb31970" title="pann::Net::getOutput" alt="" coords="167,182,308,209">
<area shape="rect" href="$namespacepann_1_1NetworkModel.html#369d4aceda1cb3120941d43a984a52ae" title="pann::NetworkModel::MultilayerPerceptron" alt="" coords="104,334,371,361">
<area shape="rect" href="$classpann_1_1Net.html#5da746a5bb40bceb85992f5a77d393e7" title="pann::Net::run" alt="" coords="185,233,289,260">
<area shape="rect" href="$classpann_1_1Net.html#07e83643d8b5238cf322ebfd635cedda" title="pann::Net::setInput" alt="" coords="172,385,303,412">
<area shape="rect" href="$classpann_1_1Net.html#abb4547b6d16ac70f4470ed71357be6b" title="pann::Net::setThreadCount" alt="" coords="423,436,599,462">
<area shape="rect" href="$classpann_1_1Cache.html#d3b297e95711bf2b4e57a6437636bf7e" title="pann::Cache::isOk" alt="" coords="447,157,575,184">
<area shape="rect" href="$classpann_1_1Net.html#4293d1faa37e9e2bb73b0ebdaf4a6a9e" title="pann::Net::regenerateCache" alt="" coords="419,208,603,234">
<area shape="rect" href="$classpann_1_1Net.html#d54642461446c1f5aba34af3c01c290c" title="pann::Net::findNeuron" alt="" coords="665,106,812,133">
<area shape="rect" href="$classpann_1_1Cache.html#2cb636d0dcacfc734a83e665bd1c6b69" title="pann::Cache::fixed" alt="" coords="673,157,804,184">
<area shape="rect" href="$classpann_1_1NetCache.html#cfa966e64695ce3e11a5cd5926e1680c" title="pann::NetCache::flush" alt="" coords="664,208,813,234">
<area shape="rect" href="$classpann_1_1Net.html#a2f1b31c8903d98b39035bfac5237f09" title="pann::Net::formatFront" alt="" coords="663,258,815,285">
<area shape="rect" href="$classpann_1_1Link.html#eab757727bb6ca0cad8edb46500c3897" title="pann::Link::getDirection" alt="" coords="660,309,817,336">
<area shape="rect" href="$classpann_1_1Link.html#282df22476d1056ecd371a2357f227c8" title="pann::Link::getLatency" alt="" coords="663,5,815,32">
<area shape="rect" href="$classpann_1_1Link.html#18a70d88ffa9fe441820c2d1c9d83579" title="pann::Link::getToIter" alt="" coords="669,56,808,82">
<area shape="rect" href="$classpann_1_1Cache.html#2f52dab8b0db5569fc22847ff332345a" title="pann::Cache::touch" alt="" coords="876,334,1009,361">
<area shape="rect" href="$classpann_1_1Net.html#7dc20310a87f924efe4c30c746b990bd" title="pann::Net::threadBase" alt="" coords="435,360,587,386">
<area shape="rect" href="$classpann_1_1Runner.html#658262373566e4be537caffbc35d8350" title="pann::Runner::getDirection" alt="" coords="651,360,827,386">
<area shape="rect" href="$classpann_1_1Runner.html#8f7c1cd84129843504cfe17f738b86d0" title="pann::Runner::run" alt="" coords="677,410,800,437">
