<area shape="rect" href="$ActivationFunction_8h.html" title="pann/trunk/src/Core/ActivationFunction.h" alt="" coords="680,80,939,106">
<area shape="rect" href="$TestNet_8cpp.html" title="pann/trunk/src/UnitTests/TestNet.cpp" alt="" coords="935,602,1172,629">
<area shape="rect" href="$Runner_8h.html" title="pann/trunk/src/Core/Runner.h" alt="" coords="865,378,1055,405">
<area shape="rect" href="$Cache_8h.html" title="pann/trunk/src/Core/Cache.h" alt="" coords="1639,154,1825,181">
<area shape="rect" href="$Object_8h.html" title="pann/trunk/src/Core/Object.h" alt="" coords="1243,80,1429,106">
<area shape="rect" href="$TrainData_8h.html" title="pann/trunk/src/Core/TrainData.h" alt="" coords="1849,154,2055,181">
<area shape="rect" href="$ActivationFunction_8cpp.html" title="pann/trunk/src/Core/ActivationFunction.cpp" alt="" coords="337,154,609,181">
<area shape="rect" href="$Neuron_8h.html" title="pann/trunk/src/Core/Neuron.h" alt="" coords="1041,304,1233,330">
<area shape="rect" href="$TestSerialization_8cpp.html" title="pann/trunk/src/UnitTests/TestSerialization.cpp" alt="" coords="633,154,921,181">
<area shape="rect" href="$Net_8h.html" title="pann/trunk/src/Core/Net.h" alt="" coords="1417,453,1588,480">
<area shape="rect" href="$Neuron_8cpp.html" title="pann/trunk/src/Core/Neuron.cpp" alt="" coords="1079,378,1284,405">
<area shape="rect" href="$LearningAlgorithm_8h.html" title="pann/trunk/src/Core/LearningAlgorithm.h" alt="" coords="2016,528,2269,554">
<area shape="rect" href="$LMS_8h.html" title="pann/trunk/src/Core/LMS.h" alt="" coords="2055,602,2231,629">
<area shape="rect" href="$NetworkModel_8h.html" title="pann/trunk/src/Core/NetworkModel.h" alt="" coords="31,528,263,554">
<area shape="rect" href="$Net_8cpp.html" title="pann/trunk/src/Core/Net.cpp" alt="" coords="1411,528,1595,554">
<area shape="rect" href="$Storage_8h.html" title="pann/trunk/src/Core/Storage.h" alt="" coords="1141,528,1336,554">
<area shape="rect" href="$main_8cpp.html" title="pann/trunk/src/Utils/pann_viewer/main.cpp" alt="" coords="1173,677,1440,704">
<area shape="rect" href="$glwidget_8h.html" title="pann/trunk/src/Utils/pann_viewer/glwidget.h" alt="" coords="1669,528,1941,554">
<area shape="rect" href="$window_8h.html" title="pann/trunk/src/Utils/pann_viewer/window.h" alt="" coords="1455,602,1721,629">
<area shape="rect" href="$MultilayerPerceptron_8cpp.html" title="pann/trunk/src/Core/MultilayerPerceptron.cpp" alt="" coords="5,602,288,629">
<area shape="rect" href="$glwidget_8cpp.html" title="pann/trunk/src/Utils/pann_viewer/glwidget.cpp" alt="" coords="1745,602,2031,629">
<area shape="rect" href="$window_8cpp.html" title="pann/trunk/src/Utils/pann_viewer/window.cpp" alt="" coords="1464,677,1744,704">
<area shape="rect" href="$Runner_8cpp.html" title="pann/trunk/src/Core/Runner.cpp" alt="" coords="859,453,1061,480">
<area shape="rect" href="$Link_8h.html" title="pann/trunk/src/Core/Link.h" alt="" coords="1097,229,1271,256">
<area shape="rect" href="$Weight_8h.html" title="pann/trunk/src/Core/Weight.h" alt="" coords="1375,154,1564,181">
<area shape="rect" href="$Object_8cpp.html" title="pann/trunk/src/Core/Object.cpp" alt="" coords="1148,154,1351,181">
<area shape="rect" href="$TrainData_8cpp.html" title="pann/trunk/src/Core/TrainData.cpp" alt="" coords="1843,229,2061,256">
