<area shape="rect" href="$Link_8h.html" title="pann/trunk/src/Core/Link.h" alt="" coords="777,80,951,107">
<area shape="rect" href="$Neuron_8h.html" title="pann/trunk/src/Core/Neuron.h" alt="" coords="768,155,960,181">
<area shape="rect" href="$Net_8h.html" title="pann/trunk/src/Core/Net.h" alt="" coords="647,304,817,331">
<area shape="rect" href="$Runner_8h.html" title="pann/trunk/src/Core/Runner.h" alt="" coords="769,229,959,256">
<area shape="rect" href="$Neuron_8cpp.html" title="pann/trunk/src/Core/Neuron.cpp" alt="" coords="983,229,1188,256">
<area shape="rect" href="$LearningAlgorithm_8h.html" title="pann/trunk/src/Core/LearningAlgorithm.h" alt="" coords="5,379,259,405">
<area shape="rect" href="$LMS_8h.html" title="pann/trunk/src/Core/LMS.h" alt="" coords="60,453,236,480">
<area shape="rect" href="$NetworkModel_8h.html" title="pann/trunk/src/Core/NetworkModel.h" alt="" coords="333,379,565,405">
<area shape="rect" href="$TestNet_8cpp.html" title="pann/trunk/src/UnitTests/TestNet.cpp" alt="" coords="583,453,820,480">
<area shape="rect" href="$Net_8cpp.html" title="pann/trunk/src/Core/Net.cpp" alt="" coords="640,379,824,405">
<area shape="rect" href="$Storage_8h.html" title="pann/trunk/src/Core/Storage.h" alt="" coords="848,379,1043,405">
<area shape="rect" href="$main_8cpp.html" title="pann/trunk/src/Utils/pann_viewer/main.cpp" alt="" coords="947,528,1213,555">
<area shape="rect" href="$glwidget_8h.html" title="pann/trunk/src/Utils/pann_viewer/glwidget.h" alt="" coords="1124,379,1396,405">
<area shape="rect" href="$window_8h.html" title="pann/trunk/src/Utils/pann_viewer/window.h" alt="" coords="1427,453,1693,480">
<area shape="rect" href="$MultilayerPerceptron_8cpp.html" title="pann/trunk/src/Core/MultilayerPerceptron.cpp" alt="" coords="276,453,559,480">
<area shape="rect" href="$glwidget_8cpp.html" title="pann/trunk/src/Utils/pann_viewer/glwidget.cpp" alt="" coords="1117,453,1403,480">
<area shape="rect" href="$window_8cpp.html" title="pann/trunk/src/Utils/pann_viewer/window.cpp" alt="" coords="1420,528,1700,555">
<area shape="rect" href="$Runner_8cpp.html" title="pann/trunk/src/Core/Runner.cpp" alt="" coords="841,304,1044,331">
