<area shape="rect" href="$window_8h.html" title="window.h" alt="" coords="1320,80,1392,106">
<area shape="rect" href="$glwidget_8h.html" title="glwidget.h" alt="" coords="1316,154,1396,181">
<area shape="rect" href="$pann_8h.html" title="pann.h" alt="" coords="1480,229,1539,256">
<area shape="rect" href="$Includes_8h.html" title="Core/Includes.h" alt="" coords="1313,602,1425,629">
<area shape="rect" href="$Type_8h.html" title="Core/Type.h" alt="" coords="1443,528,1533,554">
<area shape="rect" href="$Net_8h.html" title="Core/Net.h" alt="" coords="1284,378,1367,405">
<area shape="rect" href="$Storage_8h.html" title="Core/Storage.h" alt="" coords="1073,304,1180,330">
<area shape="rect" href="$Moo_8h.html" title="Core/Moo.h" alt="" coords="1740,378,1828,405">
<area shape="rect" href="$OpenGlHint_8h.html" title="Core/OpenGlHint.h" alt="" coords="1525,378,1656,405">
<area shape="rect" href="$TrainData_8h.html" title="TrainData/TrainData.h" alt="" coords="1608,453,1755,480">
<area shape="rect" href="$MultilayerPerceptron_8h.html" title="NetworkModels/MultilayerPerceptron.h" alt="" coords="1204,304,1447,330">
<area shape="rect" href="$Object_8h.html" title="Object.h" alt="" coords="1299,528,1368,554">
<area shape="rect" href="$Attributes_8h.html" title="Attributes.h" alt="" coords="1363,453,1451,480">
