<area shape="rect" href="$Net_8h.html" title="pann/trunk/src/Core/Net.h" alt="" coords="647,80,817,107">
<area shape="rect" href="$LearningAlgorithm_8h.html" title="pann/trunk/src/Core/LearningAlgorithm.h" alt="" coords="5,155,259,181">
<area shape="rect" href="$LMS_8h.html" title="pann/trunk/src/Core/LMS.h" alt="" coords="60,229,236,256">
<area shape="rect" href="$NetworkModel_8h.html" title="pann/trunk/src/Core/NetworkModel.h" alt="" coords="333,155,565,181">
<area shape="rect" href="$TestNet_8cpp.html" title="pann/trunk/src/UnitTests/TestNet.cpp" alt="" coords="583,229,820,256">
<area shape="rect" href="$Net_8cpp.html" title="pann/trunk/src/Core/Net.cpp" alt="" coords="640,155,824,181">
<area shape="rect" href="$Storage_8h.html" title="pann/trunk/src/Core/Storage.h" alt="" coords="848,155,1043,181">
<area shape="rect" href="$main_8cpp.html" title="pann/trunk/src/Utils/pann_viewer/main.cpp" alt="" coords="947,304,1213,331">
<area shape="rect" href="$glwidget_8h.html" title="pann/trunk/src/Utils/pann_viewer/glwidget.h" alt="" coords="1124,155,1396,181">
<area shape="rect" href="$window_8h.html" title="pann/trunk/src/Utils/pann_viewer/window.h" alt="" coords="1427,229,1693,256">
<area shape="rect" href="$MultilayerPerceptron_8cpp.html" title="pann/trunk/src/Core/MultilayerPerceptron.cpp" alt="" coords="276,229,559,256">
<area shape="rect" href="$glwidget_8cpp.html" title="pann/trunk/src/Utils/pann_viewer/glwidget.cpp" alt="" coords="1117,229,1403,256">
<area shape="rect" href="$window_8cpp.html" title="pann/trunk/src/Utils/pann_viewer/window.cpp" alt="" coords="1420,304,1700,331">
