<area shape="rect" href="$ActivationFunction_8h.html" title="pann/trunk/src/Core/ActivationFunction.h" alt="" coords="719,262,977,288">
<area shape="rect" href="$Neuron_8h.html" title="pann/trunk/src/Core/Neuron.h" alt="" coords="777,486,969,512">
<area shape="rect" href="$Net_8h.html" title="pann/trunk/src/Core/Net.h" alt="" coords="1831,635,2001,662">
<area shape="rect" href="$LearningAlgorithm_8h.html" title="pann/trunk/src/Core/LearningAlgorithm.h" alt="" coords="1153,710,1407,736">
<area shape="rect" href="$LMS_8h.html" title="pann/trunk/src/Core/LMS.h" alt="" coords="1192,784,1368,811">
<area shape="rect" href="$NetworkModel_8h.html" title="pann/trunk/src/Core/NetworkModel.h" alt="" coords="2285,710,2517,736">
<area shape="rect" href="$MultilayerPerceptron_8cpp.html" title="pann/trunk/src/Core/MultilayerPerceptron.cpp" alt="" coords="2504,784,2787,811">
<area shape="rect" href="$TestNet_8cpp.html" title="pann/trunk/src/UnitTests/TestNet.cpp" alt="" coords="1952,784,2189,811">
<area shape="rect" href="$Storage_8h.html" title="pann/trunk/src/Core/Storage.h" alt="" coords="1555,710,1749,736">
<area shape="rect" href="$glwidget_8h.html" title="pann/trunk/src/Utils/pann_viewer/glwidget.h" alt="" coords="2541,710,2813,736">
<area shape="rect" href="$Runner_8h.html" title="pann/trunk/src/Core/Runner.h" alt="" coords="1323,560,1512,587">
<area shape="rect" href="$TestSerialization_8cpp.html" title="pann/trunk/src/UnitTests/TestSerialization.cpp" alt="" coords="347,336,635,363">
<area shape="rect" href="$Type_8h.html" title="pann/trunk/src/Core/Type.h" alt="" coords="1712,187,1891,214">
<area shape="rect" href="$Cache_8h.html" title="pann/trunk/src/Core/Cache.h" alt="" coords="1979,336,2165,363">
<area shape="rect" href="$Object_8h.html" title="pann/trunk/src/Core/Object.h" alt="" coords="1387,262,1573,288">
<area shape="rect" href="$TrainData_8h.html" title="pann/trunk/src/Core/TrainData.h" alt="" coords="1699,336,1904,363">
<area shape="rect" href="$Link_8h.html" title="pann/trunk/src/Core/Link.h" alt="" coords="989,411,1163,438">
<area shape="rect" href="$Weight_8h.html" title="pann/trunk/src/Core/Weight.h" alt="" coords="1056,336,1245,363">
<area shape="rect" href="$Exception_8h.html" title="pann/trunk/src/Core/Exception.h" alt="" coords="1183,187,1391,214">
<area shape="rect" href="$LearningHint_8h.html" title="pann/trunk/src/Core/LearningHint.h" alt="" coords="245,262,467,288">
<area shape="rect" href="$OpenGLHint_8h.html" title="pann/trunk/src/Core/OpenGLHint.h" alt="" coords="195,411,416,438">
<area shape="rect" href="$Util_8h.html" title="pann/trunk/src/Core/Util.h" alt="" coords="2184,560,2352,587">
<area shape="rect" href="$ActivationFunction_8cpp.html" title="pann/trunk/src/Core/ActivationFunction.cpp" alt="" coords="709,336,981,363">
<area shape="rect" href="$Neuron_8cpp.html" title="pann/trunk/src/Core/Neuron.cpp" alt="" coords="771,560,976,587">
<area shape="rect" href="$Net_8cpp.html" title="pann/trunk/src/Core/Net.cpp" alt="" coords="1824,710,2008,736">
<area shape="rect" href="$main_8cpp.html" title="pann/trunk/src/Utils/pann_viewer/main.cpp" alt="" coords="1653,859,1920,886">
<area shape="rect" href="$window_8h.html" title="pann/trunk/src/Utils/pann_viewer/window.h" alt="" coords="2213,784,2480,811">
<area shape="rect" href="$glwidget_8cpp.html" title="pann/trunk/src/Utils/pann_viewer/glwidget.cpp" alt="" coords="2811,784,3096,811">
<area shape="rect" href="$window_8cpp.html" title="pann/trunk/src/Utils/pann_viewer/window.cpp" alt="" coords="2207,859,2487,886">
<area shape="rect" href="$Runner_8cpp.html" title="pann/trunk/src/Core/Runner.cpp" alt="" coords="1317,635,1520,662">
<area shape="rect" href="$Object_8cpp.html" title="pann/trunk/src/Core/Object.cpp" alt="" coords="1421,336,1624,363">
<area shape="rect" href="$TrainData_8cpp.html" title="pann/trunk/src/Core/TrainData.cpp" alt="" coords="1688,411,1907,438">
