<area shape="rect" href="$Includes_8h.html" title="Includes.h" alt="" coords="1091,602,1171,629">
<area shape="rect" href="$TrainData_8h.html" title="TrainData.h" alt="" coords="715,378,803,405">
<area shape="rect" href="$Net_8h.html" title="Net.h" alt="" coords="964,80,1015,106">
<area shape="rect" href="$Exception_8h.html" title="Exception.h" alt="" coords="1003,528,1093,554">
<area shape="rect" href="$Type_8h.html" title="Type.h" alt="" coords="733,528,792,554">
<area shape="rect" href="$Object_8h.html" title="Object.h" alt="" coords="1080,453,1149,480">
<area shape="rect" href="$Neuron_8h.html" title="Neuron.h" alt="" coords="1081,229,1153,256">
<area shape="rect" href="$Cache_8h.html" title="Cache.h" alt="" coords="828,378,897,405">
<area shape="rect" href="$Util_8h.html" title="Util.h" alt="" coords="1555,229,1605,256">
<area shape="rect" href="$Runner_8h.html" title="Runner.h" alt="" coords="707,154,779,181">
<area shape="rect" href="$ActivationFunction_8h.html" title="ActivationFunction.h" alt="" coords="867,453,1005,480">
<area shape="rect" href="$Link_8h.html" title="Link.h" alt="" coords="1120,304,1176,330">
<area shape="rect" href="$OpenGLHint_8h.html" title="OpenGLHint.h" alt="" coords="1376,304,1480,330">
<area shape="rect" href="$LearningHint_8h.html" title="LearningHint.h" alt="" coords="1275,453,1379,480">
<area shape="rect" href="$Weight_8h.html" title="Weight.h" alt="" coords="1128,378,1200,405">
