<area shape="rect" href="$Runner_8h.html" title="Runner.h" alt="" coords="1055,80,1127,107">
<area shape="rect" href="$Includes_8h.html" title="Includes.h" alt="" coords="1091,528,1171,555">
<area shape="rect" href="$Type_8h.html" title="Type.h" alt="" coords="1260,454,1319,480">
<area shape="rect" href="$Neuron_8h.html" title="Neuron.h" alt="" coords="1055,155,1127,182">
<area shape="rect" href="$Object_8h.html" title="Object.h" alt="" coords="1252,379,1321,406">
<area shape="rect" href="$ActivationFunction_8h.html" title="ActivationFunction.h" alt="" coords="1089,379,1228,406">
<area shape="rect" href="$Link_8h.html" title="Link.h" alt="" coords="1247,230,1303,256">
<area shape="rect" href="$OpenGLHint_8h.html" title="OpenGLHint.h" alt="" coords="821,304,925,331">
<area shape="rect" href="$LearningHint_8h.html" title="LearningHint.h" alt="" coords="961,379,1065,406">
<area shape="rect" href="$Exception_8h.html" title="Exception.h" alt="" coords="1044,454,1135,480">
<area shape="rect" href="$Weight_8h.html" title="Weight.h" alt="" coords="1300,304,1372,331">
