<area shape="rect" href="$Net_8h.html" title="pann/trunk/src/Core/Net.h" alt="" coords="839,80,1009,107">
<area shape="rect" href="$glwidget_8h.html" title="pann/trunk/src/Utils/pann_viewer/glwidget.h" alt="" coords="1259,155,1531,181">
<area shape="rect" href="$LearningAlgorithm_8h.html" title="pann/trunk/src/Core/LearningAlgorithm.h" alt="" coords="880,155,1133,181">
<area shape="rect" href="$LMS_8h.html" title="pann/trunk/src/Core/LMS.h" alt="" coords="845,229,1021,256">
<area shape="rect" href="$NetworkModel_8h.html" title="pann/trunk/src/Core/NetworkModel.h" alt="" coords="96,155,328,181">
<area shape="rect" href="$TestNet_8cpp.html" title="pann/trunk/src/UnitTests/TestNet.cpp" alt="" coords="312,229,549,256">
<area shape="rect" href="$Net_8cpp.html" title="pann/trunk/src/Core/Net.cpp" alt="" coords="621,155,805,181">
<area shape="rect" href="$Storage_8h.html" title="pann/trunk/src/Core/Storage.h" alt="" coords="403,155,597,181">
<area shape="rect" href="$main_8cpp.html" title="pann/trunk/src/Utils/pann_viewer/main.cpp" alt="" coords="973,304,1240,331">
<area shape="rect" href="$window_8h.html" title="pann/trunk/src/Utils/pann_viewer/window.h" alt="" coords="1208,229,1475,256">
<area shape="rect" href="$MultilayerPerceptron_8cpp.html" title="pann/trunk/src/Core/MultilayerPerceptron.cpp" alt="" coords="5,229,288,256">
<area shape="rect" href="$glwidget_8cpp.html" title="pann/trunk/src/Utils/pann_viewer/glwidget.cpp" alt="" coords="1499,229,1784,256">
<area shape="rect" href="$window_8cpp.html" title="pann/trunk/src/Utils/pann_viewer/window.cpp" alt="" coords="1264,304,1544,331">
