<area shape="rect" href="$window_8h.html" title="window.h" alt="" coords="661,80,733,107">
<area shape="rect" href="$glwidget_8h.html" title="glwidget.h" alt="" coords="772,155,852,182">
<area shape="rect" href="$Net_8h.html" title="Net.h" alt="" coords="1160,230,1211,256">
<area shape="rect" href="$Includes_8h.html" title="Includes.h" alt="" coords="1091,752,1171,779">
<area shape="rect" href="$Util_8h.html" title="Util.h" alt="" coords="800,304,851,331">
<area shape="rect" href="$Object_8h.html" title="Object.h" alt="" coords="1193,603,1263,630">
<area shape="rect" href="$Neuron_8h.html" title="Neuron.h" alt="" coords="1091,379,1163,406">
<area shape="rect" href="$Cache_8h.html" title="Cache.h" alt="" coords="1305,528,1375,555">
<area shape="rect" href="$Runner_8h.html" title="Runner.h" alt="" coords="1449,304,1521,331">
<area shape="rect" href="$Exception_8h.html" title="Exception.h" alt="" coords="977,678,1068,704">
<area shape="rect" href="$Type_8h.html" title="Type.h" alt="" coords="1244,678,1303,704">
<area shape="rect" href="$ActivationFunction_8h.html" title="ActivationFunction.h" alt="" coords="929,603,1068,630">
<area shape="rect" href="$Link_8h.html" title="Link.h" alt="" coords="1077,454,1133,480">
<area shape="rect" href="$OpenGLHint_8h.html" title="OpenGLHint.h" alt="" coords="1271,454,1375,480">
<area shape="rect" href="$LearningHint_8h.html" title="LearningHint.h" alt="" coords="801,603,905,630">
<area shape="rect" href="$Weight_8h.html" title="Weight.h" alt="" coords="1057,528,1129,555">
